== endurance 30 min
=== endurance samples (every 100000 events) ===
t[s]  rss[MB]  live[MB]  reset_pages  misses
10.0  301.7  44.9  3  0
20.0  301.7  47.8  3  0
30.0  301.7  50.7  3  0
40.0  301.7  53.7  3  0
50.0  301.7  56.6  3  0
60.0  301.7  59.5  3  0
70.0  301.7  62.5  3  0
80.0  301.7  65.4  3  0
90.0  301.7  68.3  3  0
100.0  301.7  71.3  3  0
110.0  301.7  74.2  3  0
120.0  301.7  77.1  3  0
130.0  301.7  80.1  3  0
140.0  301.7  83.0  3  0
150.0  301.7  85.9  3  0
160.0  301.7  88.9  3  0
170.0  301.7  91.8  3  0
180.0  301.7  94.7  3  0
190.0  301.7  97.7  3  0
200.0  301.7  100.6  3  0
210.0  301.7  103.5  3  0
220.0  301.7  106.5  3  0
230.0  301.7  109.4  3  0
240.0  301.7  112.3  3  0
250.0  301.7  115.3  3  0
260.0  301.7  118.2  3  0
270.0  301.7  121.1  3  0
280.0  301.7  124.1  3  0
290.0  301.7  127.0  3  0
300.0  301.7  129.9  3  0
310.0  301.7  132.9  3  0
320.0  301.7  135.8  3  0
330.0  301.7  138.7  3  0
340.0  301.7  141.7  3  0
350.0  301.7  144.6  3  0
360.0  301.7  147.5  3  0
370.0  301.7  150.5  3  0
380.0  301.7  153.4  3  0
390.0  301.7  156.3  3  0
400.0  301.7  159.3  3  0
410.0  301.7  162.2  3  0
420.0  301.7  165.1  3  0
430.0  301.7  168.1  3  0
440.0  301.7  171.0  3  0
450.0  301.7  173.9  3  0
460.0  301.7  176.9  3  0
470.0  301.7  179.8  3  0
480.0  301.7  182.7  3  0
490.0  301.7  185.7  3  0
500.0  301.7  188.6  3  0
510.0  301.7  191.5  3  0
520.0  301.7  194.5  3  0
530.0  301.7  197.4  3  0
540.0  301.7  200.3  3  0
550.0  301.7  203.3  3  0
560.0  301.7  206.2  3  0
570.0  301.7  209.1  3  0
580.0  301.7  212.1  3  0
590.0  301.7  215.0  3  0
600.0  301.7  217.9  3  0
610.0  301.7  220.9  3  0
620.0  301.7  223.8  3  0
630.0  301.7  226.7  3  0
640.0  301.7  229.7  3  0
650.0  301.7  232.6  3  0
660.0  301.7  235.5  3  0
670.0  301.7  238.5  3  0
680.0  301.7  241.4  3  0
690.0  301.7  244.3  3  0
700.0  301.7  247.3  3  0
710.0  301.7  250.2  3  0
720.0  301.7  253.1  3  0
730.0  301.7  256.1  3  0
740.0  301.7  259.0  3  0
750.0  301.7  261.9  3  0
760.0  301.7  264.9  3  0
770.0  301.7  267.8  3  0
780.0  301.7  270.7  3  0
790.0  301.7  273.7  3  0
800.0  301.7  276.6  3  0
810.0  301.7  279.5  3  0
820.0  301.7  282.5  3  0
830.0  301.7  285.4  3  0
840.0  301.7  288.3  3  0
850.0  301.7  291.3  3  0
860.0  301.7  294.2  3  0
870.0  301.7  297.1  3  0
880.0  301.7  300.1  3  0
890.0  301.7  303.0  3  0
900.0  301.7  305.9  3  0
910.0  301.7  308.9  3  0
920.0  301.7  311.8  3  0
930.0  301.7  314.7  3  0
940.0  301.7  317.7  3  0
950.0  301.7  320.6  3  0
960.0  301.7  323.5  3  0
970.0  301.7  326.5  3  0
980.0  301.7  329.4  3  0
990.0  301.7  332.3  3  0
1000.0  301.7  335.3  3  0
1010.0  301.7  338.2  3  0
1020.0  301.7  341.1  3  0
1030.0  301.7  344.1  3  0
1040.0  301.7  347.0  3  0
1050.0  301.7  349.9  3  0
1060.0  301.7  352.9  3  0
1070.0  301.7  355.8  3  0
1080.0  301.7  358.7  3  0
1090.0  301.7  361.7  3  0
1100.0  301.7  364.6  3  0
1110.0  301.7  367.5  3  0
1120.0  301.7  370.5  3  0
1130.0  301.7  373.4  3  0
1140.0  301.7  376.3  3  0
1150.0  301.7  379.3  3  0
1160.0  301.7  382.2  3  0
1170.0  301.7  385.1  3  0
1180.0  301.7  388.1  3  0
1190.0  301.7  391.0  3  0
1200.0  301.7  393.9  3  0
1210.0  301.7  396.9  3  0
1220.0  301.7  399.8  3  0
1230.0  301.7  402.7  3  0
1240.0  301.7  405.7  3  0
1250.0  301.7  408.6  3  0
1260.0  301.7  411.5  3  0
1270.0  301.7  414.5  3  0
1280.0  301.7  417.4  3  0
1290.0  301.7  420.3  3  0
1300.0  301.7  423.3  3  0
1310.0  301.7  426.2  3  0
1320.0  301.7  429.1  3  0
1330.0  301.7  432.1  3  0
1340.0  301.7  435.0  3  0
1350.0  301.7  437.9  3  0
1360.0  301.7  440.9  3  0
1370.0  301.7  443.8  3  0
1380.0  301.7  446.7  3  0
1390.0  301.7  449.7  3  0
1400.0  301.7  452.6  3  0
1410.0  301.7  455.5  3  0
1420.0  301.7  458.5  3  0
1430.0  301.7  461.4  3  0
1440.0  301.7  464.3  3  0
1450.0  301.7  467.3  3  0
1460.0  301.7  470.2  3  0
1470.0  301.7  473.1  3  0
1480.0  301.7  476.1  3  0
1490.0  301.7  479.0  3  0
1500.0  301.7  481.9  3  0
1510.0  301.7  484.9  3  0
1520.0  301.7  487.8  3  0
1530.0  301.7  490.7  3  0
1540.0  301.7  493.7  3  0
1550.0  301.7  496.6  3  0
1560.0  301.7  499.5  3  0
1570.0  301.7  502.5  3  0
1580.0  301.7  505.4  3  0
1590.0  301.7  508.3  3  0
1600.0  301.7  511.3  3  0
1610.0  301.7  514.2  3  0
1620.0  301.7  517.1  3  0
1630.0  301.7  520.1  3  0
1640.0  301.7  523.0  3  0
1650.0  301.7  525.9  3  0
1660.0  301.7  528.9  3  0
1670.0  301.7  531.8  3  0
1680.0  301.7  534.7  3  0
1690.0  301.7  537.7  3  0
1700.0  301.7  540.6  3  0
1710.0  301.7  543.5  3  0
1720.0  301.7  546.5  3  0
1730.0  301.7  549.4  3  0
1740.0  301.7  552.3  3  0
1750.0  301.7  555.3  3  0
1760.0  301.7  558.2  3  0
1770.0  301.7  561.1  3  0
1780.0  301.7  564.1  3  0
1790.0  301.7  567.0  3  0
1800.0  301.7  569.9  3  0
=== endurance result ===
events            18000000
duration          1800.0 s
latency p50       <= 128 ns (log2 bucket)
latency p99.9     <= 256 ns (log2 bucket)
latency max       14647 ns
lateness max      96771 ns
slot misses       0 events (0.0 %)
rss growth 2nd half     0.0 MB
alloc throughput        29.3 bytes/event (recycled by reset; accounting slope)
