full GC reference (startup): 5.52 ms
heap reserve       536.9 MB claimed and prefaulted
scheduler          SCHED_FIFO priority 50
memory locked      yes (mlockall)
involuntary context switches during the run: 0
page faults during the run: 0
wall time          0.316 s (15.82 M events/s)
collection total   0.0 ms (0.0 % of wall)
table checksum     correct
=== real: 0 collections ===
cells freed        0 (turnover was 4990000 records + scratch)
max at event      235368 (slice boundary: false, census boundary: false); events over 200us: 0
=== per-event wall time, 5000000 events ===
p50               40 ns
p99               70 ns
p99.9             230 ns
p99.99            390 ns
max               16451 ns
max, no preemption 16451 ns (0 of 500 blocks of 10000 events took a preemption and are excluded)
over 100us target 0 events (0.0 %)
live heap counter  8540.1 MB
peak RSS           1204.3 MB
