full GC reference (startup): 5.55 ms
heap reserve       536.9 MB claimed and prefaulted
scheduler          SCHED_FIFO priority 50
memory locked      yes (mlockall)
involuntary context switches during the run: 0
page faults during the run: 0
stock collections during the run: 35
wall time          0.296 s (16.88 M events/s)
collection total   0.0 ms (0.0 % of wall)
table checksum     correct
=== auto: 0 collections ===
max at event      4118221 (slice boundary: false, census boundary: false); events over 200us: 35
  over 200us: event 231277  3501 us
  over 200us: event 451641  835 us
  over 200us: event 636201  3283 us
  over 200us: event 832014  607 us
  over 200us: event 997146  514 us
  over 200us: event 1144196  457 us
  over 200us: event 1279311  404 us
  over 200us: event 1407140  523 us
  over 200us: event 1531392  495 us
  over 200us: event 1653890  427 us
  over 200us: event 1776047  377 us
  over 200us: event 1898000  373 us
  over 200us: event 2019953  390 us
  over 200us: event 2141906  372 us
  over 200us: event 2263859  356 us
  over 200us: event 2385812  620 us
  over 200us: event 2508020  469 us
  over 200us: event 2630859  406 us
  over 200us: event 2753323  376 us
  over 200us: event 2875531  370 us
  over 200us: event 2998029  351 us
  over 200us: event 3120868  635 us
  over 200us: event 3244354  462 us
  over 200us: event 3367840  770 us
  over 200us: event 3493066  543 us
  over 200us: event 3617951  502 us
  over 200us: event 3742836  415 us
  over 200us: event 3867721  411 us
  over 200us: event 3992947  608 us
  over 200us: event 4118221  3690 us
=== per-event wall time, 5000000 events ===
p50               30 ns
p99               50 ns
p99.9             200 ns
p99.99            420 ns
max               3690565 ns
max, no preemption 3690565 ns (0 of 500 blocks of 10000 events took a preemption and are excluded)
over 100us target 35 events (0.0007 %)
live heap counter  81.2 MB
peak RSS           1244.1 MB
