full GC reference (startup): 5.44 ms
heap reserve       536.9 MB claimed and prefaulted
scheduler          SCHED_FIFO priority 50
memory locked      yes (mlockall)
final full collection 3.42 ms
involuntary context switches during the run: 0
page faults during the run: 0
stock collections during the run: 51
wall time          0.317 s (15.75 M events/s)
collection total   25.1 ms (7.92 % of wall)
table checksum     correct
=== sched: 50 collections ===
pause p50          0.337 ms
pause max          3.276 ms
max at event      578237 (slice boundary: false, census boundary: false); events over 200us: 0
=== per-event wall time, 5000000 events ===
p50               40 ns
p99               50 ns
p99.9             80 ns
p99.99            200 ns
max               15870 ns
max, no preemption 15870 ns (0 of 500 blocks of 10000 events took a preemption and are excluded)
over 100us target 0 events (0.0 %)
live heap counter  41.7 MB
peak RSS           1204.4 MB
