full GC reference (startup): 6.46 ms
scheduler          SCHED_FIFO priority 50
memory locked      yes (mlockall)
involuntary context switches during the run: 0
page faults during the run: 0
stock collections during the run: 37
wall time          0.292 s (17.14 M events/s)
collection total   0.0 ms (0.0 % of wall)
table checksum     correct
=== auto: 0 collections ===
max at event      3810958 (slice boundary: false, census boundary: false); events over 200us: 37
  over 200us: event 222013  3642 us
  over 200us: event 435999  734 us
  over 200us: event 614216  3418 us
  over 200us: event 805005  443 us
  over 200us: event 964570  396 us
  over 200us: event 1105995  358 us
  over 200us: event 1235404  342 us
  over 200us: event 1357155  348 us
  over 200us: event 1474970  331 us
  over 200us: event 1591356  334 us
  over 200us: event 1707742  347 us
  over 200us: event 1824128  331 us
  over 200us: event 1940514  333 us
  over 200us: event 2056900  319 us
  over 200us: event 2173286  314 us
  over 200us: event 2289672  319 us
  over 200us: event 2406058  339 us
  over 200us: event 2522444  468 us
  over 200us: event 2638830  345 us
  over 200us: event 2755216  332 us
  over 200us: event 2871602  318 us
  over 200us: event 2988053  320 us
  over 200us: event 3104845  325 us
  over 200us: event 3221742  314 us
  over 200us: event 3338894  326 us
  over 200us: event 3456557  333 us
  over 200us: event 3574372  324 us
  over 200us: event 3692528  494 us
  over 200us: event 3810958  3774 us
  over 200us: event 4064547  479 us
=== per-event wall time, 5000000 events ===
p50               30 ns
p99               50 ns
p99.9             130 ns
p99.99            290 ns
max               3774262 ns
max, no preemption 3774262 ns (0 of 500 blocks of 10000 events took a preemption and are excluded)
over 100us target 37 events (0.00074 %)
live heap counter  80.9 MB
peak RSS           707.3 MB
