full GC reference (startup): 5.58 ms
scheduler          SCHED_FIFO priority 50
memory locked      yes (mlockall)
involuntary context switches during the run: 0
page faults during the run: 0
wall time          0.153 s (32.65 M events/s)
collection total   1.9 ms (1.25 % of wall)
table checksum     correct
=== phase means over 50 collections ===
stop-the-world     1.9 us
mark               31.6 us
sweep              3.5 us
live cells kept    10002
cells freed        487
pages walked       21
pages wholesale    0
=== pooled: 50 collections ===
pause p50          0.037 ms
pause max          0.069 ms
cells freed        24359 (turnover was 4990000 records + scratch)
live heap counter  404.1 MB
peak RSS           626.9 MB
